// Jest Snapshot v1, https://goo.gl/fbAQLP

exports[`Repo matches a snapshot 1`] = `
<a>
  dakota-app
</a>
`;
